--- COMPILING WRAPPER ---
Wrap Result: {'hijacked': 1, 'exe_wrappers': 1, 'bat_wrappers': 0}

--- STR-WRAP-01: AppData Physical Injection ---
While running plugins.txt: *MyMod.esp
PASS STR-WRAP-01

--- STR-WRAP-02: AppData Post-Launch Restoration ---
After exit plugins.txt: *MyMod.esp
FAIL STR-WRAP-02

--- STR-WRAP-03: Crash Recovery ---
After force-kill plugins.txt: *MyMod.esp
Kill successful. Injected state persists.
